stdout = '''
let format : Format = {
    seg_count_x2 <- u16be,
    let seg_count : U64 = u16_extend_u64 (seg_count_x2 / (2 : U16)),
    start_code <- repeat_len64 seg_count u16be,
    id_delta <- repeat_len64 seg_count s16be,
};
let _ : Repr format -> {
    seg_count_x2 : U16,
    seg_count : U64,
    start_code : Array64 seg_count U16,
    id_delta : Array64 seg_count S16,
} = fun x => x;
let format : Format = { let x : U32 = 256 };
let _ : Repr format -> { x : U32 } = fun x => x;
() : ()
'''
stderr = ''
