stdout = '''
let format : Format = {
    magic <- u64le where magic == (0xffffffffffff00 : U64),
    len <- u8 where len <= (16 : U8),
    data <- array8 len u8,
};
let _ : { magic : U64, len : U8, data : Array8 len U8 } -> {
    magic : U64,
    len : U8,
    data : Array8 len U8,
} = fun x => x;
{} : {}
'''
stderr = ''
