stdout = '''
0 = [{
        start = 0,
        font = {
            magic = 65536,
            directory = {
                sfnt_version = 65536,
                num_tables = 11,
                search_range = 128,
                entry_selector = 3,
                range_shift = 48,
                table_records = [{
                        table_id = 1330851634,
                        checksum = 2376691328,
                        offset = 312,
                        length = 96
                    },
                    {
                        table_id = 1447316824,
                        checksum = 1856861796,
                        offset = 444,
                        length = 1504
                    },
                    {
                        table_id = 1668112752,
                        checksum = 39519805,
                        offset = 1948,
                        length = 338
                    },
                    {
                        table_id = 1735162214,
                        checksum = 4060625394,
                        offset = 2316,
                        length = 836
                    },
                    {
                        table_id = 1751474532,
                        checksum = 227156863,
                        offset = 188,
                        length = 54
                    },
                    {
                        table_id = 1751672161,
                        checksum = 391318683,
                        offset = 244,
                        length = 36
                    },
                    {
                        table_id = 1752003704,
                        checksum = 819134874,
                        offset = 408,
                        length = 34
                    },
                    {
                        table_id = 1819239265,
                        checksum = 58589866,
                        offset = 2288,
                        length = 26
                    },
                    {
                        table_id = 1835104368,
                        checksum = 1376537,
                        offset = 280,
                        length = 32
                    },
                    {
                        table_id = 1851878757,
                        checksum = 3342286371,
                        offset = 3152,
                        length = 708
                    },
                    {
                        table_id = 1886352244,
                        checksum = 4285071462,
                        offset = 3860,
                        length = 32
                    }],
                table_links = {
                    cmap = {
                        table_record = {
                            table_id = 1668112752,
                            checksum = 39519805,
                            offset = 1948,
                            length = 338
                        },
                        link = 1948
                    },
                    head = {
                        table_record = {
                            table_id = 1751474532,
                            checksum = 227156863,
                            offset = 188,
                            length = 54
                        },
                        link = 188
                    },
                    hhea = {
                        table_record = {
                            table_id = 1751672161,
                            checksum = 391318683,
                            offset = 244,
                            length = 36
                        },
                        link = 244
                    },
                    maxp = {
                        table_record = {
                            table_id = 1835104368,
                            checksum = 1376537,
                            offset = 280,
                            length = 32
                        },
                        link = 280
                    },
                    htmx = {
                        table_record = {
                            table_id = 1752003704,
                            checksum = 819134874,
                            offset = 408,
                            length = 34
                        },
                        link = 408
                    },
                    name = {
                        table_record = {
                            table_id = 1851878757,
                            checksum = 3342286371,
                            offset = 3152,
                            length = 708
                        },
                        link = 3152
                    },
                    os2 = {
                        table_record = {
                            table_id = 1330851634,
                            checksum = 2376691328,
                            offset = 312,
                            length = 96
                        },
                        link = 312
                    },
                    post = {
                        table_record = {
                            table_id = 1886352244,
                            checksum = 4285071462,
                            offset = 3860,
                            length = 32
                        },
                        link = 3860
                    },
                    cvt = (),
                    fpgm = (),
                    glyf = 2316,
                    loca = 2288,
                    prep = (),
                    gasp = (),
                    cff = (),
                    cff2 = (),
                    vorg = (),
                    svg = (),
                    ebdt = (),
                    eblc = (),
                    ebsc = (),
                    cbdt = (),
                    cblc = (),
                    sbix = (),
                    base = (),
                    gdef = (),
                    gpos = (),
                    gsub = (),
                    jstf = (),
                    math = (),
                    avar = (),
                    cvar = (),
                    fvar = (),
                    gvar = (),
                    hvar = (),
                    mvar = (),
                    stat = (),
                    vvar = (),
                    colr = (),
                    cpal = (),
                    dsig = (),
                    hdmx = (),
                    kern = (),
                    ltsh = (),
                    merg = (),
                    meta = (),
                    pclt = (),
                    vdmx = 444,
                    vhea = (),
                    vmtx = ()
                }
            }
        }
    }]
188 = [{
        major_version = 1,
        minor_version = 0,
        font_revision = 65536,
        checksum_adjustment = 773317341,
        magic_number = 1594834165,
        flags = 11,
        units_per_em = 2048,
        created = 3371744314,
        modified = 3553631405,
        glyph_extents = { x_min = 0, y_min = -20, x_max = 4514, y_max = 1454 },
        mac_style = 0,
        lowest_rec_ppem = 9,
        font_direction_hint = 2,
        index_to_loc_format = 0,
        glyph_data_format = 0
    }]
244 = [{
        major_version = 1,
        minor_version = 0,
        ascent = 1454,
        descent = -20,
        line_gap = 0,
        advance_width_max = 4719,
        min_left_side_bearing = 0,
        min_right_side_bearing = -1478,
        x_max_extent = 4514,
        caret_slope = { rise = 1, run = 0 },
        caret_offset = 0,
        _reserved0 = 0,
        _reserved1 = 0,
        _reserved2 = 0,
        _reserved3 = 0,
        metric_data_format = 0,
        number_of_long_horizontal_metrics = 5
    }]
280 = [{
        version = 65536,
        num_glyphs = 12,
        data = {
            max_points = 74,
            max_contours = 2,
            max_composite_points = 205,
            max_composite_contours = 6,
            max_zones = 1,
            max_twilight_points = 0,
            max_storage = 0,
            max_function_defs = 0,
            max_instruction_defs = 0,
            max_stack_elements = 0,
            max_size_of_instructions = 0,
            max_component_elements = 0,
            max_component_depth = 1
        }
    }]
312 = [{
        version = 3,
        x_avg_char_width = 3124,
        us_weight_class = 400,
        us_width_class = 5,
        fs_type = 4,
        y_subscript_x_size = 1434,
        y_subscript_y_size = 1331,
        y_subscript_x_offset = 0,
        y_subscript_y_offset = 287,
        y_superscript_x_size = 1434,
        y_superscript_y_size = 1331,
        y_superscript_x_offset = 0,
        y_superscript_y_offset = 977,
        y_strikeout_size = 102,
        y_strikeout_position = 512,
        s_family_class = 0,
        panose = [0, 0, 0, 0, 0, 0, 0, 0, 0, 0],
        ul_unicode_range1 = 1,
        ul_unicode_range2 = 0,
        ul_unicode_range3 = 0,
        ul_unicode_range4 = 0,
        ach_vend_id = 1315925605,
        fs_selection = 64,
        us_first_char_index = 32,
        us_last_char_index = 80,
        data = {
            version_1 = {
                version_0 = {
                    s_typo_ascender = 1536,
                    s_typo_descender = -512,
                    s_typo_line_gap = 0,
                    us_win_ascent = 1454,
                    usWinDescent = 20
                },
                ul_code_page_range1 = 1,
                ul_code_page_range2 = 0
            },
            sx_height = 1024,
            s_cap_height = 1536,
            us_default_char = 0,
            us_break_char = 32,
            us_max_context = 0
        }
    }]
408 = [{
        hhea = {
            major_version = 1,
            minor_version = 0,
            ascent = 1454,
            descent = -20,
            line_gap = 0,
            advance_width_max = 4719,
            min_left_side_bearing = 0,
            min_right_side_bearing = -1478,
            x_max_extent = 4514,
            caret_slope = { rise = 1, run = 0 },
            caret_offset = 0,
            _reserved0 = 0,
            _reserved1 = 0,
            _reserved2 = 0,
            _reserved3 = 0,
            metric_data_format = 0,
            number_of_long_horizontal_metrics = 5
        },
        maxp = {
            version = 65536,
            num_glyphs = 12,
            data = {
                max_points = 74,
                max_contours = 2,
                max_composite_points = 205,
                max_composite_contours = 6,
                max_zones = 1,
                max_twilight_points = 0,
                max_storage = 0,
                max_function_defs = 0,
                max_instruction_defs = 0,
                max_stack_elements = 0,
                max_size_of_instructions = 0,
                max_component_elements = 0,
                max_component_depth = 1
            }
        },
        table = {
            h_metrics = [{ advance_width = 1536, left_side_bearing = 0 },
                { advance_width = 1536, left_side_bearing = 0 },
                { advance_width = 4719, left_side_bearing = 205 },
                { advance_width = 4708, left_side_bearing = 205 },
                { advance_width = 0, left_side_bearing = 0 }],
            left_side_bearings = [0, 0, 0, 0, 0, 0, 0]
        }
    }]
444 = [()]
1948 = [{
        table_start = 1948,
        version = 0,
        num_tables = 3,
        encoding_records = [{
                platform = 0,
                encoding = 3,
                subtable_offset = { offset = 28, link = 1976 }
            },
            {
                platform = 1,
                encoding = 0,
                subtable_offset = { offset = 76, link = 2024 }
            },
            {
                platform = 3,
                encoding = 1,
                subtable_offset = { offset = 28, link = 1976 }
            }]
    }]
1976 = [{
        table_start = 1976,
        format = 4,
        data = {
            length = 48,
            language = 0,
            seg_count_x2 = 8,
            seg_count = 4,
            search_range = 8,
            entry_selector = 2,
            range_shift = 0,
            end_code = [32, 70, 80, 65535],
            _reserved_pad = 0,
            start_code = [32, 70, 80, 65535],
            id_delta = [-31, -68, -77, 1],
            id_range_offsets = [0, 0, 0, 0]
        }
    }]
2024 = [{
        table_start = 2024,
        format = 0,
        data = {
            length = 262,
            language = 0,
            glyph_id_array = [0,
                0,
                0,
                0,
                0,
                0,
                0,
                0,
                0,
                0,
                0,
                0,
                0,
                0,
                0,
                0,
                0,
                0,
                0,
                0,
                0,
                0,
                0,
                0,
                0,
                0,
                0,
                0,
                0,
                0,
                0,
                0,
                1,
                0,
                0,
                0,
                0,
                0,
                0,
                0,
                0,
                0,
                0,
                0,
                0,
                0,
                0,
                0,
                0,
                0,
                0,
                0,
                0,
                0,
                0,
                0,
                0,
                0,
                0,
                0,
                0,
                0,
                0,
                0,
                0,
                0,
                0,
                0,
                0,
                0,
                2,
                0,
                0,
                0,
                0,
                0,
                0,
                0,
                0,
                0,
                3,
                0,
                0,
                0,
                0,
                0,
                0,
                0,
                0,
                0,
                0,
                0,
                0,
                0,
                0,
                0,
                0,
                0,
                0,
                0,
                0,
                0,
                0,
                0,
                0,
                0,
                0,
                0,
                0,
                0,
                0,
                0,
                0,
                0,
                0,
                0,
                0,
                0,
                0,
                0,
                0,
                0,
                0,
                0,
                0,
                0,
                0,
                0,
                0,
                0,
                0,
                0,
                0,
                0,
                0,
                0,
                0,
                0,
                0,
                0,
                0,
                0,
                0,
                0,
                0,
                0,
                0,
                0,
                0,
                0,
                0,
                0,
                0,
                0,
                0,
                0,
                0,
                0,
                0,
                0,
                0,
                0,
                0,
                0,
                0,
                0,
                0,
                0,
                0,
                0,
                0,
                0,
                0,
                0,
                0,
                0,
                0,
                0,
                0,
                0,
                0,
                0,
                0,
                0,
                0,
                0,
                0,
                0,
                0,
                0,
                0,
                0,
                0,
                0,
                0,
                0,
                0,
                0,
                0,
                0,
                0,
                0,
                0,
                0,
                0,
                0,
                0,
                0,
                0,
                0,
                0,
                0,
                0,
                0,
                0,
                0,
                0,
                0,
                0,
                0,
                0,
                0,
                0,
                0,
                0,
                0,
                0,
                0,
                0,
                0,
                0,
                0,
                0,
                0,
                0,
                0,
                0,
                0,
                0,
                0,
                0,
                0,
                0,
                0,
                0,
                0,
                0,
                0,
                0,
                0,
                0,
                0,
                0,
                0,
                0,
                0]
        }
    }]
2288 = [{
        maxp = {
            version = 65536,
            num_glyphs = 12,
            data = {
                max_points = 74,
                max_contours = 2,
                max_composite_points = 205,
                max_composite_contours = 6,
                max_zones = 1,
                max_twilight_points = 0,
                max_storage = 0,
                max_function_defs = 0,
                max_instruction_defs = 0,
                max_stack_elements = 0,
                max_size_of_instructions = 0,
                max_component_elements = 0,
                max_component_depth = 1
            }
        },
        head = {
            major_version = 1,
            minor_version = 0,
            font_revision = 65536,
            checksum_adjustment = 773317341,
            magic_number = 1594834165,
            flags = 11,
            units_per_em = 2048,
            created = 3371744314,
            modified = 3553631405,
            glyph_extents = { x_min = 0, y_min = -20, x_max = 4514, y_max = 1454 },
            mac_style = 0,
            lowest_rec_ppem = 9,
            font_direction_hint = 2,
            index_to_loc_format = 0,
            glyph_data_format = 0
        },
        table = { offsets = [0, 0, 0, 22, 44, 66, 92, 106, 122, 170, 218, 318, 418] }
    }]
2316 = [{
        maxp = {
            version = 65536,
            num_glyphs = 12,
            data = {
                max_points = 74,
                max_contours = 2,
                max_composite_points = 205,
                max_composite_contours = 6,
                max_zones = 1,
                max_twilight_points = 0,
                max_storage = 0,
                max_function_defs = 0,
                max_instruction_defs = 0,
                max_stack_elements = 0,
                max_size_of_instructions = 0,
                max_component_elements = 0,
                max_component_depth = 1
            }
        },
        table = {
            glyphs = [{
                    header = {
                        number_of_contours = -1,
                        x_min = 205,
                        y_min = 0,
                        x_max = 4514,
                        y_max = 1434
                    },
                    data = {
                        flags = 4135,
                        glyphIndex = 7,
                        argument1 = 3453,
                        argument2 = 0
                    }
                }]
        }
    }]
3152 = [{
        table_start = 3152,
        version = 0,
        name_count = 14,
        storage_offset = 174,
        name_records = [{
                platform = 1,
                encoding = 0,
                language = 0,
                name_id = 1,
                length = 23,
                offset = { offset = 0, link = () }
            },
            {
                platform = 1,
                encoding = 0,
                language = 0,
                name_id = 2,
                length = 7,
                offset = { offset = 23, link = 3349 }
            },
            {
                platform = 1,
                encoding = 0,
                language = 0,
                name_id = 3,
                length = 47,
                offset = { offset = 30, link = 3356 }
            },
            {
                platform = 1,
                encoding = 0,
                language = 0,
                name_id = 4,
                length = 31,
                offset = { offset = 77, link = 3403 }
            },
            {
                platform = 1,
                encoding = 0,
                language = 0,
                name_id = 5,
                length = 20,
                offset = { offset = 108, link = 3434 }
            },
            {
                platform = 1,
                encoding = 0,
                language = 0,
                name_id = 6,
                length = 28,
                offset = { offset = 128, link = 3454 }
            },
            {
                platform = 1,
                encoding = 0,
                language = 0,
                name_id = 8,
                length = 22,
                offset = { offset = 156, link = 3482 }
            },
            {
                platform = 3,
                encoding = 1,
                language = 1033,
                name_id = 1,
                length = 46,
                offset = { offset = 178, link = 3504 }
            },
            {
                platform = 3,
                encoding = 1,
                language = 1033,
                name_id = 2,
                length = 14,
                offset = { offset = 224, link = 3550 }
            },
            {
                platform = 3,
                encoding = 1,
                language = 1033,
                name_id = 3,
                length = 94,
                offset = { offset = 238, link = 3564 }
            },
            {
                platform = 3,
                encoding = 1,
                language = 1033,
                name_id = 4,
                length = 62,
                offset = { offset = 332, link = 3658 }
            },
            {
                platform = 3,
                encoding = 1,
                language = 1033,
                name_id = 5,
                length = 40,
                offset = { offset = 394, link = 3720 }
            },
            {
                platform = 3,
                encoding = 1,
                language = 1033,
                name_id = 6,
                length = 56,
                offset = { offset = 434, link = 3760 }
            },
            {
                platform = 3,
                encoding = 1,
                language = 1033,
                name_id = 8,
                length = 44,
                offset = { offset = 490, link = 3816 }
            }],
        data = ()
    }]
3349 = [[82, 101, 103, 117, 108, 97, 114]]
3356 = [[87,
        101,
        98,
        70,
        111,
        110,
        116,
        115,
        87,
        111,
        114,
        107,
        105,
        110,
        103,
        71,
        114,
        111,
        117,
        112,
        58,
        87,
        79,
        70,
        70,
        32,
        84,
        101,
        115,
        116,
        32,
        84,
        84,
        70,
        32,
        82,
        101,
        103,
        117,
        108,
        97,
        114,
        58,
        50,
        48,
        49,
        48]]
3403 = [[87,
        79,
        70,
        70,
        32,
        84,
        101,
        115,
        116,
        32,
        84,
        84,
        70,
        32,
        67,
        111,
        109,
        112,
        111,
        115,
        105,
        116,
        101,
        32,
        82,
        101,
        103,
        117,
        108,
        97,
        114]]
3434 = [[86, 101, 114, 115, 105, 111, 110, 32, 48, 48, 49, 46, 48, 48, 48, 32, 50, 48, 49, 48]]
3454 = [[87,
        79,
        70,
        70,
        84,
        101,
        115,
        116,
        84,
        84,
        70,
        67,
        111,
        109,
        112,
        111,
        115,
        105,
        116,
        101,
        45,
        82,
        101,
        103,
        117,
        108,
        97,
        114]]
3482 = [[87,
        101,
        98,
        70,
        111,
        110,
        116,
        115,
        32,
        87,
        111,
        114,
        107,
        105,
        110,
        103,
        32,
        71,
        114,
        111,
        117,
        112]]
3504 = [[0,
        87,
        0,
        79,
        0,
        70,
        0,
        70,
        0,
        32,
        0,
        84,
        0,
        101,
        0,
        115,
        0,
        116,
        0,
        32,
        0,
        84,
        0,
        84,
        0,
        70,
        0,
        32,
        0,
        67,
        0,
        111,
        0,
        109,
        0,
        112,
        0,
        111,
        0,
        115,
        0,
        105,
        0,
        116,
        0,
        101]]
3550 = [[0, 82, 0, 101, 0, 103, 0, 117, 0, 108, 0, 97, 0, 114]]
3564 = [[0,
        87,
        0,
        101,
        0,
        98,
        0,
        70,
        0,
        111,
        0,
        110,
        0,
        116,
        0,
        115,
        0,
        87,
        0,
        111,
        0,
        114,
        0,
        107,
        0,
        105,
        0,
        110,
        0,
        103,
        0,
        71,
        0,
        114,
        0,
        111,
        0,
        117,
        0,
        112,
        0,
        58,
        0,
        87,
        0,
        79,
        0,
        70,
        0,
        70,
        0,
        32,
        0,
        84,
        0,
        101,
        0,
        115,
        0,
        116,
        0,
        32,
        0,
        84,
        0,
        84,
        0,
        70,
        0,
        32,
        0,
        82,
        0,
        101,
        0,
        103,
        0,
        117,
        0,
        108,
        0,
        97,
        0,
        114,
        0,
        58,
        0,
        50,
        0,
        48,
        0,
        49,
        0,
        48]]
3658 = [[0,
        87,
        0,
        79,
        0,
        70,
        0,
        70,
        0,
        32,
        0,
        84,
        0,
        101,
        0,
        115,
        0,
        116,
        0,
        32,
        0,
        84,
        0,
        84,
        0,
        70,
        0,
        32,
        0,
        67,
        0,
        111,
        0,
        109,
        0,
        112,
        0,
        111,
        0,
        115,
        0,
        105,
        0,
        116,
        0,
        101,
        0,
        45,
        0,
        82,
        0,
        101,
        0,
        103,
        0,
        117,
        0,
        108,
        0,
        97,
        0,
        114]]
3720 = [[0,
        86,
        0,
        101,
        0,
        114,
        0,
        115,
        0,
        105,
        0,
        111,
        0,
        110,
        0,
        32,
        0,
        48,
        0,
        48,
        0,
        49,
        0,
        46,
        0,
        48,
        0,
        48,
        0,
        48,
        0,
        32,
        0,
        50,
        0,
        48,
        0,
        49,
        0,
        48]]
3760 = [[0,
        87,
        0,
        79,
        0,
        70,
        0,
        70,
        0,
        84,
        0,
        101,
        0,
        115,
        0,
        116,
        0,
        84,
        0,
        84,
        0,
        70,
        0,
        67,
        0,
        111,
        0,
        109,
        0,
        112,
        0,
        111,
        0,
        115,
        0,
        105,
        0,
        116,
        0,
        101,
        0,
        45,
        0,
        82,
        0,
        101,
        0,
        103,
        0,
        117,
        0,
        108,
        0,
        97,
        0,
        114]]
3816 = [[0,
        87,
        0,
        101,
        0,
        98,
        0,
        70,
        0,
        111,
        0,
        110,
        0,
        116,
        0,
        115,
        0,
        32,
        0,
        87,
        0,
        111,
        0,
        114,
        0,
        107,
        0,
        105,
        0,
        110,
        0,
        103,
        0,
        32,
        0,
        71,
        0,
        114,
        0,
        111,
        0,
        117,
        0,
        112]]
3860 = [{
        version = 196608,
        italic_angle = 0,
        underline_position = -154,
        underline_thickness = 102,
        is_fixed_pitch = 0,
        min_mem_type42 = 0,
        max_mem_type42 = 0,
        min_mem_type1 = 0,
        max_mem_type1 = 0,
        names = ()
    }]
'''
stderr = ''
