stdout = '''
let repeat_len32 = fun (len : U32) (Elem : Format) => Elem;
let pair = { len <- u32be, data <- repeat_len32 len u32be };
let test_pair = fun (p : { len : U32, data : U32 }) => p;
pair : Format
'''
stderr = ''
