stdout = '''
let Triple = (U16, U16, U16);
let Point = { x : U16, y : U16, z : U16 };
let Any = { A : Type, a : A };
let triple = (0, 1, 2);
let point = { x = 0, y = 1, z = 2 };
let any = { A = Bool, a = false };
() : ()
'''
stderr = ''
