Module {
    imports: [],
    definitions: [
        Definition {
            doc: "",
            name: Ident("Pair"),
            body_ty: Lam(
                Span {
                    lo: BytePos(9),
                    hi: BytePos(78)
                },
                [
                    Named(
                        User(
                            Ident("T")
                        ),
                        Binary
                    ),
                    Named(
                        User(
                            Ident("U")
                        ),
                        Binary
                    )
                ],
                Struct(
                    Span {
                        lo: BytePos(22),
                        hi: BytePos(78)
                    },
                    [
                        Field {
                            doc: "",
                            name: Ident("l"),
                            value: Var(
                                Span {
                                    lo: BytePos(47),
                                    hi: BytePos(48)
                                },
                                Bound(
                                    Named(
                                        User(
                                            Ident("T")
                                        ),
                                        BoundVar(0, 0)
                                    )
                                )
                            )
                        },
                        Field {
                            doc: "",
                            name: Ident("r"),
                            value: Var(
                                Span {
                                    lo: BytePos(66),
                                    hi: BytePos(67)
                                },
                                Bound(
                                    Named(
                                        User(
                                            Ident("U")
                                        ),
                                        BoundVar(1, 1)
                                    )
                                )
                            )
                        }
                    ]
                )
            )
        },
        Definition {
            doc: "",
            name: Ident("Array"),
            body_ty: Lam(
                Span {
                    lo: BytePos(89),
                    hi: BytePos(172)
                },
                [
                    Named(
                        User(
                            Ident("T")
                        ),
                        Binary
                    )
                ],
                Struct(
                    Span {
                        lo: BytePos(100),
                        hi: BytePos(172)
                    },
                    [
                        Field {
                            doc: "",
                            name: Ident("len"),
                            value: Var(
                                Span {
                                    lo: BytePos(127),
                                    hi: BytePos(132)
                                },
                                Free(
                                    User(
                                        Ident("u16le")
                                    )
                                )
                            )
                        },
                        Field {
                            doc: "",
                            name: Ident("data"),
                            value: Array(
                                Span {
                                    lo: BytePos(153),
                                    hi: BytePos(161)
                                },
                                Var(
                                    Span {
                                        lo: BytePos(154),
                                        hi: BytePos(155)
                                    },
                                    Bound(
                                        Named(
                                            User(
                                                Ident("T")
                                            ),
                                            BoundVar(1, 0)
                                        )
                                    )
                                ),
                                Var(
                                    Span {
                                        lo: BytePos(157),
                                        hi: BytePos(160)
                                    },
                                    Bound(
                                        Named(
                                            User(
                                                Ident("len")
                                            ),
                                            BoundVar(0, 0)
                                        )
                                    )
                                )
                            )
                        }
                    ]
                )
            )
        },
        Definition {
            doc: "",
            name: Ident("Data"),
            body_ty: Lam(
                Span {
                    lo: BytePos(183),
                    hi: BytePos(277)
                },
                [
                    Named(
                        User(
                            Ident("T")
                        ),
                        Binary
                    ),
                    Named(
                        User(
                            Ident("U")
                        ),
                        Binary
                    ),
                    Named(
                        User(
                            Ident("V")
                        ),
                        Binary
                    )
                ],
                Struct(
                    Span {
                        lo: BytePos(199),
                        hi: BytePos(277)
                    },
                    [
                        Field {
                            doc: "",
                            name: Ident("blah"),
                            value: Var(
                                Span {
                                    lo: BytePos(227),
                                    hi: BytePos(228)
                                },
                                Bound(
                                    Named(
                                        User(
                                            Ident("U")
                                        ),
                                        BoundVar(0, 1)
                                    )
                                )
                            )
                        },
                        Field {
                            doc: "",
                            name: Ident("data"),
                            value: App(
                                Span {
                                    lo: BytePos(249),
                                    hi: BytePos(266)
                                },
                                Var(
                                    Span {
                                        lo: BytePos(249),
                                        hi: BytePos(254)
                                    },
                                    Bound(
                                        Named(
                                            User(
                                                Ident("Array")
                                            ),
                                            BoundVar(2, 0)
                                        )
                                    )
                                ),
                                [
                                    App(
                                        Span {
                                            lo: BytePos(255),
                                            hi: BytePos(265)
                                        },
                                        Var(
                                            Span {
                                                lo: BytePos(255),
                                                hi: BytePos(259)
                                            },
                                            Bound(
                                                Named(
                                                    User(
                                                        Ident("Pair")
                                                    ),
                                                    BoundVar(3, 0)
                                                )
                                            )
                                        ),
                                        [
                                            Var(
                                                Span {
                                                    lo: BytePos(260),
                                                    hi: BytePos(261)
                                                },
                                                Bound(
                                                    Named(
                                                        User(
                                                            Ident("T")
                                                        ),
                                                        BoundVar(1, 0)
                                                    )
                                                )
                                            ),
                                            Var(
                                                Span {
                                                    lo: BytePos(263),
                                                    hi: BytePos(264)
                                                },
                                                Bound(
                                                    Named(
                                                        User(
                                                            Ident("V")
                                                        ),
                                                        BoundVar(1, 2)
                                                    )
                                                )
                                            )
                                        ]
                                    )
                                ]
                            )
                        }
                    ]
                )
            )
        }
    ]
}
