stdout = '''
(fun (a : Type) => a) Type : Type
'''
stderr = '''
note: solution found for hole `?fun_type`
  ┌─ tests/succeed/hole/hole-1.fathom:1:15
  │
1 │ (fun a => a : ?fun_type) Type
  │               ^^^^^^^^^ solution found
  │
  = hole `?fun_type` can be replaced with `Type -> Type`

'''
