stdout = '''
let Id = fun (A : Type) => A; let test_id = fun (A : Type) (a : A) => a; Type :
Type
'''
stderr = ''
