stdout = '''
let id : fun (A : Type) -> A -> A = fun A a => a;
let test_id_check0 : Type -> Type = id Type;
let test_id_check1 : Type = id Type Type;
let test_id_synth : Type = id Type Type;
Type : Type
'''
stderr = ''
