stdout = '''
let _ : Type = Type; Type : Type
'''
stderr = ''
