stdout = ''
stderr = '''
error: cannot find `goodbye` in expression
  ┌─ tests/fail/elaboration/unknown-field/record-literal.fathom:3:16
  │
3 │ { hello = {} }.goodbye
  │ -------------- ^^^^^^^ unknown label
  │ │               
  │ expression of type { hello : () }

'''
