stdout = '''
fun (A : Type) -> A -> A : Type
'''
stderr = ''
