stdout = '''
let fst : fun (A : Type) (B : Type) -> { x : A, y : B } -> A =
fun A B _ => let x : A = _.x;
let y : B = _.y;
x;
let snd : fun (A : Type) (B : Type) -> { x : A, y : B } -> B =
fun A B _ => let x : A = _.x;
let y : B = _.y;
y;
() : ()
'''
stderr = ''
