stdout = '''
0 = [
    {
        start = 0,
        font = {
            magic = 1330926671,
            directory = {
                sfnt_version = 1330926671,
                num_tables = 9,
                search_range = 128,
                entry_selector = 3,
                range_shift = 16,
                table_records = [
                    {
                        table_id = 1128678944,
                        checksum = 2312911615,
                        offset = 1280,
                        length = 558,
                    },
                    {
                        table_id = 1330851634,
                        checksum = 2107474081,
                        offset = 256,
                        length = 96,
                    },
                    {
                        table_id = 1668112752,
                        checksum = 11469276,
                        offset = 1016,
                        length = 230,
                    },
                    {
                        table_id = 1751474532,
                        checksum = 4199932307,
                        offset = 156,
                        length = 54,
                    },
                    {
                        table_id = 1751672161,
                        checksum = 200869999,
                        offset = 212,
                        length = 36,
                    },
                    {
                        table_id = 1752003704,
                        checksum = 399966408,
                        offset = 1840,
                        length = 16,
                    },
                    {
                        table_id = 1835104368,
                        checksum = 282624,
                        offset = 248,
                        length = 6,
                    },
                    {
                        table_id = 1851878757,
                        checksum = 720423648,
                        offset = 352,
                        length = 663,
                    },
                    {
                        table_id = 1886352244,
                        checksum = 4290248754,
                        offset = 1248,
                        length = 32,
                    },
                ],
                table_links = {
                    cmap = {
                        table_record = {
                            table_id = 1668112752,
                            checksum = 11469276,
                            offset = 1016,
                            length = 230,
                        },
                        link = 1016,
                    },
                    head = {
                        table_record = {
                            table_id = 1751474532,
                            checksum = 4199932307,
                            offset = 156,
                            length = 54,
                        },
                        link = 156,
                    },
                    hhea = {
                        table_record = {
                            table_id = 1751672161,
                            checksum = 200869999,
                            offset = 212,
                            length = 36,
                        },
                        link = 212,
                    },
                    maxp = {
                        table_record = {
                            table_id = 1835104368,
                            checksum = 282624,
                            offset = 248,
                            length = 6,
                        },
                        link = 248,
                    },
                    htmx = {
                        table_record = {
                            table_id = 1752003704,
                            checksum = 399966408,
                            offset = 1840,
                            length = 16,
                        },
                        link = 1840,
                    },
                    name = {
                        table_record = {
                            table_id = 1851878757,
                            checksum = 720423648,
                            offset = 352,
                            length = 663,
                        },
                        link = 352,
                    },
                    os2 = {
                        table_record = {
                            table_id = 1330851634,
                            checksum = 2107474081,
                            offset = 256,
                            length = 96,
                        },
                        link = 256,
                    },
                    post = {
                        table_record = {
                            table_id = 1886352244,
                            checksum = 4290248754,
                            offset = 1248,
                            length = 32,
                        },
                        link = 1248,
                    },
                    cvt = (),
                    fpgm = (),
                    glyf = (),
                    loca = (),
                    prep = (),
                    gasp = (),
                    cff = 1280,
                    cff2 = (),
                    vorg = (),
                    svg = (),
                    ebdt = (),
                    eblc = (),
                    ebsc = (),
                    cbdt = (),
                    cblc = (),
                    sbix = (),
                    base = (),
                    gdef = (),
                    gpos = (),
                    gsub = (),
                    jstf = (),
                    math = (),
                    avar = (),
                    cvar = (),
                    fvar = (),
                    gvar = (),
                    hvar = (),
                    mvar = (),
                    stat = (),
                    vvar = (),
                    colr = (),
                    cpal = (),
                    dsig = (),
                    hdmx = (),
                    kern = (),
                    ltsh = (),
                    merg = (),
                    meta = (),
                    pclt = (),
                    vdmx = (),
                    vhea = (),
                    vmtx = (),
                },
            },
        },
    },
]
156 = [
    {
        major_version = 1,
        minor_version = 0,
        font_revision = 65536,
        checksum_adjustment = 1155811448,
        magic_number = 1594834165,
        flags = 3,
        units_per_em = 1000,
        created = 3374127268,
        modified = 3374417235,
        glyph_extents = { x_min = 100, y_min = -10, x_max = 2204, y_max = 710 },
        mac_style = 0,
        lowest_rec_ppem = 3,
        font_direction_hint = 2,
        index_to_loc_format = 0,
        glyph_data_format = 0,
    },
]
212 = [
    {
        major_version = 1,
        minor_version = 0,
        ascent = 750,
        descent = -250,
        line_gap = 9,
        advance_width_max = 2304,
        min_left_side_bearing = 100,
        min_right_side_bearing = 100,
        x_max_extent = 2204,
        caret_slope = { rise = 1, run = 0 },
        caret_offset = 0,
        _reserved0 = 0,
        _reserved1 = 0,
        _reserved2 = 0,
        _reserved3 = 0,
        metric_data_format = 0,
        number_of_long_horizontal_metrics = 4,
    },
]
248 = [ { version = 20480, num_glyphs = 4, data = () } ]
256 = [
    {
        version = 4,
        x_avg_char_width = 1525,
        us_weight_class = 400,
        us_width_class = 5,
        fs_type = 0,
        y_subscript_x_size = 650,
        y_subscript_y_size = 600,
        y_subscript_x_offset = 0,
        y_subscript_y_offset = 75,
        y_superscript_x_size = 650,
        y_superscript_y_size = 600,
        y_superscript_x_offset = 0,
        y_superscript_y_offset = 350,
        y_strikeout_size = 50,
        y_strikeout_position = 300,
        s_family_class = 0,
        panose = [ 0, 0, 0, 0, 0, 0, 0, 0, 0, 0 ],
        ul_unicode_range1 = 1,
        ul_unicode_range2 = 0,
        ul_unicode_range3 = 0,
        ul_unicode_range4 = 0,
        ach_vend_id = 1315925605,
        fs_selection = 448,
        us_first_char_index = 32,
        us_last_char_index = 80,
        data = {
            version_1 = {
                version_0 = {
                    s_typo_ascender = 750,
                    s_typo_descender = -250,
                    s_typo_line_gap = 0,
                    us_win_ascent = 1000,
                    usWinDescent = 0,
                },
                ul_code_page_range1 = 536870913,
                ul_code_page_range2 = 0,
            },
            sx_height = 500,
            s_cap_height = 750,
            us_default_char = 0,
            us_break_char = 32,
            us_max_context = 0,
        },
    },
]
352 = [
    {
        table_start = 352,
        version = 0,
        name_count = 14,
        storage_offset = 174,
        name_records = [
            {
                platform = 1,
                encoding = 0,
                language = 0,
                name_id = 1,
                length = 13,
                offset = { offset = 0, link = () },
            },
            {
                platform = 1,
                encoding = 0,
                language = 0,
                name_id = 2,
                length = 7,
                offset = { offset = 13, link = 539 },
            },
            {
                platform = 1,
                encoding = 0,
                language = 0,
                name_id = 3,
                length = 30,
                offset = { offset = 20, link = 546 },
            },
            {
                platform = 1,
                encoding = 0,
                language = 0,
                name_id = 4,
                length = 13,
                offset = { offset = 0, link = () },
            },
            {
                platform = 1,
                encoding = 0,
                language = 0,
                name_id = 5,
                length = 72,
                offset = { offset = 50, link = 576 },
            },
            {
                platform = 1,
                encoding = 0,
                language = 0,
                name_id = 6,
                length = 19,
                offset = { offset = 122, link = 648 },
            },
            {
                platform = 1,
                encoding = 0,
                language = 0,
                name_id = 8,
                length = 22,
                offset = { offset = 141, link = 667 },
            },
            {
                platform = 3,
                encoding = 1,
                language = 1033,
                name_id = 1,
                length = 26,
                offset = { offset = 163, link = 689 },
            },
            {
                platform = 3,
                encoding = 1,
                language = 1033,
                name_id = 2,
                length = 14,
                offset = { offset = 189, link = 715 },
            },
            {
                platform = 3,
                encoding = 1,
                language = 1033,
                name_id = 3,
                length = 60,
                offset = { offset = 203, link = 729 },
            },
            {
                platform = 3,
                encoding = 1,
                language = 1033,
                name_id = 4,
                length = 38,
                offset = { offset = 263, link = 789 },
            },
            {
                platform = 3,
                encoding = 1,
                language = 1033,
                name_id = 5,
                length = 144,
                offset = { offset = 301, link = 827 },
            },
            {
                platform = 3,
                encoding = 1,
                language = 1033,
                name_id = 6,
                length = 38,
                offset = { offset = 263, link = 789 },
            },
            {
                platform = 3,
                encoding = 1,
                language = 1033,
                name_id = 8,
                length = 44,
                offset = { offset = 445, link = 971 },
            },
        ],
        data = (),
    },
]
539 = [ [ 82, 101, 103, 117, 108, 97, 114 ] ]
546 = [
    [
        49,
        46,
        48,
        48,
        48,
        59,
        78,
        111,
        110,
        101,
        59,
        87,
        79,
        70,
        70,
        84,
        101,
        115,
        116,
        67,
        70,
        70,
        45,
        82,
        101,
        103,
        117,
        108,
        97,
        114,
    ],
]
576 = [
    [
        86,
        101,
        114,
        115,
        105,
        111,
        110,
        32,
        49,
        46,
        48,
        48,
        48,
        59,
        80,
        83,
        32,
        48,
        48,
        49,
        46,
        48,
        48,
        48,
        59,
        104,
        111,
        116,
        99,
        111,
        110,
        118,
        32,
        49,
        46,
        48,
        46,
        53,
        55,
        59,
        109,
        97,
        107,
        101,
        111,
        116,
        102,
        46,
        108,
        105,
        98,
        50,
        46,
        48,
        46,
        50,
        49,
        56,
        57,
        53,
        32,
        68,
        69,
        86,
        69,
        76,
        79,
        80,
        77,
        69,
        78,
        84,
    ],
]
648 = [
    [
        87,
        79,
        70,
        70,
        84,
        101,
        115,
        116,
        67,
        70,
        70,
        45,
        82,
        101,
        103,
        117,
        108,
        97,
        114,
    ],
]
667 = [
    [
        87,
        101,
        98,
        70,
        111,
        110,
        116,
        115,
        32,
        87,
        111,
        114,
        107,
        105,
        110,
        103,
        32,
        71,
        114,
        111,
        117,
        112,
    ],
]
689 = [
    [
        0,
        87,
        0,
        79,
        0,
        70,
        0,
        70,
        0,
        32,
        0,
        84,
        0,
        101,
        0,
        115,
        0,
        116,
        0,
        32,
        0,
        67,
        0,
        70,
        0,
        70,
    ],
]
715 = [ [ 0, 82, 0, 101, 0, 103, 0, 117, 0, 108, 0, 97, 0, 114 ] ]
729 = [
    [
        0,
        49,
        0,
        46,
        0,
        48,
        0,
        48,
        0,
        48,
        0,
        59,
        0,
        78,
        0,
        111,
        0,
        110,
        0,
        101,
        0,
        59,
        0,
        87,
        0,
        79,
        0,
        70,
        0,
        70,
        0,
        84,
        0,
        101,
        0,
        115,
        0,
        116,
        0,
        67,
        0,
        70,
        0,
        70,
        0,
        45,
        0,
        82,
        0,
        101,
        0,
        103,
        0,
        117,
        0,
        108,
        0,
        97,
        0,
        114,
    ],
]
789 = [
    [
        0,
        87,
        0,
        79,
        0,
        70,
        0,
        70,
        0,
        84,
        0,
        101,
        0,
        115,
        0,
        116,
        0,
        67,
        0,
        70,
        0,
        70,
        0,
        45,
        0,
        82,
        0,
        101,
        0,
        103,
        0,
        117,
        0,
        108,
        0,
        97,
        0,
        114,
    ],
]
827 = [
    [
        0,
        86,
        0,
        101,
        0,
        114,
        0,
        115,
        0,
        105,
        0,
        111,
        0,
        110,
        0,
        32,
        0,
        49,
        0,
        46,
        0,
        48,
        0,
        48,
        0,
        48,
        0,
        59,
        0,
        80,
        0,
        83,
        0,
        32,
        0,
        48,
        0,
        48,
        0,
        49,
        0,
        46,
        0,
        48,
        0,
        48,
        0,
        48,
        0,
        59,
        0,
        104,
        0,
        111,
        0,
        116,
        0,
        99,
        0,
        111,
        0,
        110,
        0,
        118,
        0,
        32,
        0,
        49,
        0,
        46,
        0,
        48,
        0,
        46,
        0,
        53,
        0,
        55,
        0,
        59,
        0,
        109,
        0,
        97,
        0,
        107,
        0,
        101,
        0,
        111,
        0,
        116,
        0,
        102,
        0,
        46,
        0,
        108,
        0,
        105,
        0,
        98,
        0,
        50,
        0,
        46,
        0,
        48,
        0,
        46,
        0,
        50,
        0,
        49,
        0,
        56,
        0,
        57,
        0,
        53,
        0,
        32,
        0,
        68,
        0,
        69,
        0,
        86,
        0,
        69,
        0,
        76,
        0,
        79,
        0,
        80,
        0,
        77,
        0,
        69,
        0,
        78,
        0,
        84,
    ],
]
971 = [
    [
        0,
        87,
        0,
        101,
        0,
        98,
        0,
        70,
        0,
        111,
        0,
        110,
        0,
        116,
        0,
        115,
        0,
        32,
        0,
        87,
        0,
        111,
        0,
        114,
        0,
        107,
        0,
        105,
        0,
        110,
        0,
        103,
        0,
        32,
        0,
        71,
        0,
        114,
        0,
        111,
        0,
        117,
        0,
        112,
    ],
]
1016 = [
    {
        table_start = 1016,
        version = 0,
        num_tables = 3,
        encoding_records = [
            {
                platform = 0,
                encoding = 3,
                subtable_offset = { offset = 28, link = 1044 },
            },
            {
                platform = 1,
                encoding = 0,
                subtable_offset = { offset = 76, link = 1092 },
            },
            {
                platform = 3,
                encoding = 1,
                subtable_offset = { offset = 28, link = 1044 },
            },
        ],
    },
]
1044 = [
    {
        table_start = 1044,
        format = 4,
        data = {
            length = 48,
            language = 0,
            seg_count_x2 = 8,
            seg_count = 4,
            search_range = 8,
            entry_selector = 2,
            range_shift = 0,
            end_code = [ 32, 70, 80, 65535 ],
            _reserved_pad = 0,
            start_code = [ 32, 70, 80, 65535 ],
            id_delta = [ -31, -68, -77, 1 ],
            id_range_offsets = [ 0, 0, 0, 0 ],
        },
    },
]
1092 = [
    {
        table_start = 1092,
        format = 6,
        data = {
            length = 154,
            language = 0,
            first_code = 9,
            entry_count = 72,
            glyph_id_array = [
                1,
                0,
                0,
                0,
                1,
                0,
                0,
                0,
                0,
                0,
                0,
                0,
                0,
                0,
                0,
                0,
                0,
                0,
                0,
                0,
                0,
                0,
                0,
                1,
                0,
                0,
                0,
                0,
                0,
                0,
                0,
                0,
                0,
                0,
                0,
                0,
                0,
                0,
                0,
                0,
                0,
                0,
                0,
                0,
                0,
                0,
                0,
                0,
                0,
                0,
                0,
                0,
                0,
                0,
                0,
                0,
                0,
                0,
                0,
                0,
                0,
                2,
                0,
                0,
                0,
                0,
                0,
                0,
                0,
                0,
                0,
                3,
            ],
        },
    },
]
1248 = [
    {
        version = 196608,
        italic_angle = 0,
        underline_position = -75,
        underline_thickness = 50,
        is_fixed_pitch = 0,
        min_mem_type42 = 0,
        max_mem_type42 = 0,
        min_mem_type1 = 0,
        max_mem_type1 = 0,
        names = (),
    },
]
1280 = [ () ]
1840 = [
    {
        hhea = {
            major_version = 1,
            minor_version = 0,
            ascent = 750,
            descent = -250,
            line_gap = 9,
            advance_width_max = 2304,
            min_left_side_bearing = 100,
            min_right_side_bearing = 100,
            x_max_extent = 2204,
            caret_slope = { rise = 1, run = 0 },
            caret_offset = 0,
            _reserved0 = 0,
            _reserved1 = 0,
            _reserved2 = 0,
            _reserved3 = 0,
            metric_data_format = 0,
            number_of_long_horizontal_metrics = 4,
        },
        maxp = { version = 20480, num_glyphs = 4, data = () },
        table = {
            h_metrics = [
                { advance_width = 750, left_side_bearing = 0 },
                { advance_width = 750, left_side_bearing = 0 },
                { advance_width = 2304, left_side_bearing = 100 },
                { advance_width = 2299, left_side_bearing = 100 },
            ],
            left_side_bearings = [],
        },
    },
]
'''
stderr = ''
