stdout = '''
let id = fun (@A : Type) (a : A) => a;
let always = fun (@A : Type) (@B : Type) (a : A) (b : B) => a;
let _ = id @Bool false;
let _ = always @U32 @Bool 0 false;
() : ()
'''
stderr = ''
