stdout = '''
let number = overlap { u <- u32be where u >= (2 : U32), s <- s32be };
let _ = fun (n : { u : U32, s : S32 }) => n;
() : ()
'''
stderr = ''
