stdout = '''
(0b1 : U8) + (2 : U8) : U8
'''
stderr = ''
