stdout = '''
("nope" : U32) + (0xcafe : U32) : U32
'''
stderr = ''
