stdout = '''
def header : Format = 
{ magic <- u32be where magic == ("icns" : U32), file_length <- u32be };
def icon_data : Format = 
{
    icon_type <- u32be,
    icon_data_length <- u32be,
    data <- limit32 icon_data_length (repeat_until_end u8)
};
def main : Format = { header <- header, icons <- repeat_until_end icon_data };

'''
stderr = ''
