stdout = '''
fun (a : Type) (a : a) => a : fun (A : Type) -> A -> A
'''
stderr = ''
