stdout = '''
{ A = { x : Type }, a = { x = () } } : { A : Type, a : A }
'''
stderr = ''
