stdout = ''
stderr = '''
error: mismatched types
  ┌─ tests/fail/elaboration/unification/mismatch/arrow-both.fathom:3:34
  │
3 │ fun (A : Type) -> fun (a : A) -> a -> a
  │                                  ^ type mismatch, expected `A`, found `Type`
  │
  = expected `A`
       found `Type`

error: mismatched types
  ┌─ tests/fail/elaboration/unification/mismatch/arrow-both.fathom:3:39
  │
3 │ fun (A : Type) -> fun (a : A) -> a -> a
  │                                       ^ type mismatch, expected `A`, found `Type`
  │
  = expected `A`
       found `Type`

'''
