stdout = '''
(fun (A : Type) (a : A) => a) (Type -> Type) (fun (a : Type) => a) : Type ->
Type
'''
stderr = ''
