stdout = '''
(fun (A : Type) (a : A) => a) Type Type : Type
'''
stderr = ''
