stdout = '''
let x = 3; match x { 1 => 0, 3 => 7, x => x } : U8
'''
stderr = '''
warning: unreachable pattern
  ┌─ tests/succeed/match/check-const-redundant.fathom:7:5
  │
7 │     5 => 73,
  │     ^

'''
