stdout = '''
0 = [{
        start = 0,
        font = {
            magic = 1330926671,
            directory = {
                sfnt_version = 1330926671,
                num_tables = 9,
                search_range = 128,
                entry_selector = 3,
                range_shift = 16,
                table_records = [{
                        table_id = 1128678944,
                        checksum = 592874113,
                        offset = 156,
                        length = 4132
                    },
                    {
                        table_id = 1330851634,
                        checksum = 1825330621,
                        offset = 4288,
                        length = 96
                    },
                    {
                        table_id = 1668112752,
                        checksum = 3882863068,
                        offset = 4384,
                        length = 99
                    },
                    {
                        table_id = 1751474532,
                        checksum = 1759071024,
                        offset = 4484,
                        length = 54
                    },
                    {
                        table_id = 1751672161,
                        checksum = 360516338,
                        offset = 4540,
                        length = 36
                    },
                    {
                        table_id = 1752003704,
                        checksum = 1081359000,
                        offset = 4576,
                        length = 202
                    },
                    {
                        table_id = 1835104368,
                        checksum = 6574080,
                        offset = 4780,
                        length = 6
                    },
                    {
                        table_id = 1851878757,
                        checksum = 224928904,
                        offset = 4788,
                        length = 208
                    },
                    {
                        table_id = 1886352244,
                        checksum = 4288610354,
                        offset = 4996,
                        length = 32
                    }],
                table_links = {
                    cmap = {
                        table_record = {
                            table_id = 1668112752,
                            checksum = 3882863068,
                            offset = 4384,
                            length = 99
                        },
                        link = 4384
                    },
                    head = {
                        table_record = {
                            table_id = 1751474532,
                            checksum = 1759071024,
                            offset = 4484,
                            length = 54
                        },
                        link = 4484
                    },
                    hhea = {
                        table_record = {
                            table_id = 1751672161,
                            checksum = 360516338,
                            offset = 4540,
                            length = 36
                        },
                        link = 4540
                    },
                    maxp = {
                        table_record = {
                            table_id = 1835104368,
                            checksum = 6574080,
                            offset = 4780,
                            length = 6
                        },
                        link = 4780
                    },
                    htmx = {
                        table_record = {
                            table_id = 1752003704,
                            checksum = 1081359000,
                            offset = 4576,
                            length = 202
                        },
                        link = 4576
                    },
                    name = {
                        table_record = {
                            table_id = 1851878757,
                            checksum = 224928904,
                            offset = 4788,
                            length = 208
                        },
                        link = 4788
                    },
                    os2 = {
                        table_record = {
                            table_id = 1330851634,
                            checksum = 1825330621,
                            offset = 4288,
                            length = 96
                        },
                        link = 4288
                    },
                    post = {
                        table_record = {
                            table_id = 1886352244,
                            checksum = 4288610354,
                            offset = 4996,
                            length = 32
                        },
                        link = 4996
                    },
                    cvt = (),
                    fpgm = (),
                    glyf = (),
                    loca = (),
                    prep = (),
                    gasp = (),
                    cff = 156,
                    cff2 = (),
                    vorg = (),
                    svg = (),
                    ebdt = (),
                    eblc = (),
                    ebsc = (),
                    cbdt = (),
                    cblc = (),
                    sbix = (),
                    base = (),
                    gdef = (),
                    gpos = (),
                    gsub = (),
                    jstf = (),
                    math = (),
                    avar = (),
                    cvar = (),
                    fvar = (),
                    gvar = (),
                    hvar = (),
                    mvar = (),
                    stat = (),
                    vvar = (),
                    colr = (),
                    cpal = (),
                    dsig = (),
                    hdmx = (),
                    kern = (),
                    ltsh = (),
                    merg = (),
                    meta = (),
                    pclt = (),
                    vdmx = (),
                    vhea = (),
                    vmtx = ()
                }
            }
        }
    }]
156 = [()]
4288 = [{
        version = 2,
        x_avg_char_width = 2500,
        us_weight_class = 400,
        us_width_class = 5,
        fs_type = 12,
        y_subscript_x_size = 500,
        y_subscript_y_size = 500,
        y_subscript_x_offset = 250,
        y_subscript_y_offset = 50,
        y_superscript_x_size = 500,
        y_superscript_y_size = 500,
        y_superscript_x_offset = 0,
        y_superscript_y_offset = 500,
        y_strikeout_size = 50,
        y_strikeout_position = 500,
        s_family_class = 0,
        panose = [2, 10, 6, 3, 6, 5, 11, 2, 2, 4],
        ul_unicode_range1 = 1,
        ul_unicode_range2 = 0,
        ul_unicode_range3 = 0,
        ul_unicode_range4 = 0,
        ach_vend_id = 1094992453,
        fs_selection = 64,
        us_first_char_index = 65,
        us_last_char_index = 80,
        data = {
            version_1 = {
                version_0 = {
                    s_typo_ascender = 2500,
                    s_typo_descender = 0,
                    s_typo_line_gap = 200,
                    us_win_ascent = 2500,
                    usWinDescent = 0
                },
                ul_code_page_range1 = 3762225663,
                ul_code_page_range2 = 4294901760
            },
            sx_height = 2500,
            s_cap_height = 2500,
            us_default_char = 65,
            us_break_char = 65,
            us_max_context = 0
        }
    }]
4384 = [{
        table_start = 4384,
        version = 0,
        num_tables = 2,
        encoding_records = [{
                platform = 0,
                encoding = 5,
                subtable_offset = { offset = 52, link = 4436 }
            },
            {
                platform = 3,
                encoding = 1,
                subtable_offset = { offset = 20, link = 4404 }
            }]
    }]
4404 = [{
        table_start = 4404,
        format = 4,
        data = {
            length = 32,
            language = 0,
            seg_count_x2 = 4,
            seg_count = 2,
            search_range = 2,
            entry_selector = 0,
            range_shift = 2,
            end_code = [19977, 65535],
            _reserved_pad = 0,
            start_code = [19968, 65535],
            id_delta = [-19958, 1],
            id_range_offsets = [0, 0]
        }
    }]
4436 = [{
        table_start = 4436,
        format = 14,
        data = {
            length = 47,
            num_var_selector_records = 1,
            var_selector = [{
                    var_selector = [14, 1, 0],
                    default_uvs_offset = { offset = 35, link = 4471 },
                    non_default_uvs_offset = { offset = 21, link = 4457 }
                }]
        }
    }]
4457 = [{
        num_uvs_mappings = 2,
        uvs_mappings = [{ unicode_value = [0, 78, 16], glyph_id = 25 },
            { unicode_value = [0, 78, 17], glyph_id = 26 }]
    }]
4471 = [{
        num_unicode_value_ranges = 2,
        ranges = [{ start_unicode_value = [0, 78, 0], additional_count = 0 },
            { start_unicode_value = [0, 78, 3], additional_count = 3 }]
    }]
4484 = [{
        major_version = 1,
        minor_version = 0,
        font_revision = 65536,
        checksum_adjustment = 1598680310,
        magic_number = 1594834165,
        flags = 1,
        units_per_em = 1500,
        created = 0,
        modified = 0,
        glyph_extents = { x_min = 0, y_min = -10, x_max = 2500, y_max = 2150 },
        mac_style = 0,
        lowest_rec_ppem = 3,
        font_direction_hint = 2,
        index_to_loc_format = 0,
        glyph_data_format = 0
    }]
4540 = [{
        major_version = 1,
        minor_version = 0,
        ascent = 2500,
        descent = 0,
        line_gap = 200,
        advance_width_max = 2500,
        min_left_side_bearing = 300,
        min_right_side_bearing = 300,
        x_max_extent = 2500,
        caret_slope = { rise = 1, run = 0 },
        caret_offset = 0,
        _reserved0 = 0,
        _reserved1 = 0,
        _reserved2 = 0,
        _reserved3 = 0,
        metric_data_format = 0,
        number_of_long_horizontal_metrics = 1
    }]
4576 = [{
        hhea = {
            major_version = 1,
            minor_version = 0,
            ascent = 2500,
            descent = 0,
            line_gap = 200,
            advance_width_max = 2500,
            min_left_side_bearing = 300,
            min_right_side_bearing = 300,
            x_max_extent = 2500,
            caret_slope = { rise = 1, run = 0 },
            caret_offset = 0,
            _reserved0 = 0,
            _reserved1 = 0,
            _reserved2 = 0,
            _reserved3 = 0,
            metric_data_format = 0,
            number_of_long_horizontal_metrics = 1
        },
        maxp = { version = 20480, num_glyphs = 100, data = () },
        table = {
            h_metrics = [{ advance_width = 1500, left_side_bearing = 300 }],
            left_side_bearings = [300,
                300,
                300,
                300,
                300,
                300,
                300,
                300,
                300,
                300,
                300,
                300,
                300,
                300,
                300,
                300,
                300,
                300,
                300,
                300,
                300,
                300,
                300,
                300,
                300,
                300,
                300,
                300,
                300,
                300,
                300,
                300,
                300,
                300,
                300,
                300,
                300,
                300,
                300,
                300,
                300,
                300,
                300,
                300,
                300,
                300,
                300,
                300,
                300,
                300,
                300,
                300,
                300,
                300,
                300,
                300,
                300,
                300,
                300,
                300,
                300,
                300,
                300,
                300,
                300,
                300,
                300,
                300,
                300,
                300,
                300,
                300,
                300,
                300,
                300,
                300,
                300,
                300,
                300,
                300,
                300,
                300,
                300,
                300,
                300,
                300,
                300,
                300,
                300,
                300,
                300,
                300,
                300,
                300,
                300,
                300,
                300,
                300,
                300]
        }
    }]
4780 = [{ version = 20480, num_glyphs = 100, data = () }]
4788 = [{
        table_start = 4788,
        version = 0,
        name_count = 6,
        storage_offset = 78,
        name_records = [{
                platform = 3,
                encoding = 1,
                language = 1033,
                name_id = 1,
                length = 24,
                offset = { offset = 0, link = () }
            },
            {
                platform = 3,
                encoding = 1,
                language = 1033,
                name_id = 2,
                length = 14,
                offset = { offset = 24, link = 4890 }
            },
            {
                platform = 3,
                encoding = 1,
                language = 1033,
                name_id = 3,
                length = 24,
                offset = { offset = 38, link = 4904 }
            },
            {
                platform = 3,
                encoding = 1,
                language = 1033,
                name_id = 4,
                length = 24,
                offset = { offset = 62, link = 4928 }
            },
            {
                platform = 3,
                encoding = 1,
                language = 1033,
                name_id = 5,
                length = 20,
                offset = { offset = 86, link = 4952 }
            },
            {
                platform = 3,
                encoding = 1,
                language = 1033,
                name_id = 6,
                length = 24,
                offset = { offset = 106, link = 4972 }
            }],
        data = ()
    }]
4890 = [[0, 82, 0, 101, 0, 103, 0, 117, 0, 108, 0, 97, 0, 114]]
4904 = [[0, 99, 0, 109, 0, 97, 0, 112, 0, 49, 0, 52, 0, 95, 0, 102, 0, 111, 0, 110, 0, 116, 0, 49]]
4928 = [[0, 99, 0, 109, 0, 97, 0, 112, 0, 49, 0, 52, 0, 95, 0, 102, 0, 111, 0, 110, 0, 116, 0, 49]]
4952 = [[0, 86, 0, 101, 0, 114, 0, 115, 0, 105, 0, 111, 0, 110, 0, 49, 0, 46, 0, 48]]
4972 = [[0, 99, 0, 109, 0, 97, 0, 112, 0, 49, 0, 52, 0, 95, 0, 102, 0, 111, 0, 110, 0, 116, 0, 49]]
4996 = [{
        version = 196608,
        italic_angle = 0,
        underline_position = -100,
        underline_thickness = 50,
        is_fixed_pitch = 0,
        min_mem_type42 = 0,
        max_mem_type42 = 0,
        min_mem_type1 = 0,
        max_mem_type1 = 0,
        names = ()
    }]
'''
stderr = ''
